Component: Arm Compiler for Embedded 6.22 Tool: armlink [5ee90200]

==============================================================================

Section Cross References

    ds18b20.o(.text.SysTick_Handler) refers to ds18b20.o(.bss.msTicks) for msTicks
    ds18b20.o(.text.SysTick_Handler) refers to ds18b20.o(.data.LED_pin) for LED_pin
    ds18b20.o(.text.SysTick_Handler) refers to ds18b20.o(.text.switch_pin) for switch_pin
    ds18b20.o(.ARM.exidx.text.SysTick_Handler) refers to ds18b20.o(.text.SysTick_Handler) for [Anonymous Symbol]
    ds18b20.o(.ARM.exidx.text.switch_pin) refers to ds18b20.o(.text.switch_pin) for [Anonymous Symbol]
    ds18b20.o(.text.DelayMicro) refers to ds18b20.o(.bss.msTicks) for msTicks
    ds18b20.o(.ARM.exidx.text.DelayMicro) refers to ds18b20.o(.text.DelayMicro) for [Anonymous Symbol]
    ds18b20.o(.ARM.exidx.text.ds18b20_PortInit) refers to ds18b20.o(.text.ds18b20_PortInit) for [Anonymous Symbol]
    ds18b20.o(.text.ds18b20_Reset) refers to ds18b20.o(.text.DelayMicro) for DelayMicro
    ds18b20.o(.ARM.exidx.text.ds18b20_Reset) refers to ds18b20.o(.text.ds18b20_Reset) for [Anonymous Symbol]
    ds18b20.o(.text.ds18b20_ReadBit) refers to ds18b20.o(.text.DelayMicro) for DelayMicro
    ds18b20.o(.ARM.exidx.text.ds18b20_ReadBit) refers to ds18b20.o(.text.ds18b20_ReadBit) for [Anonymous Symbol]
    ds18b20.o(.text.ds18b20_ReadByte) refers to ds18b20.o(.text.ds18b20_ReadBit) for ds18b20_ReadBit
    ds18b20.o(.ARM.exidx.text.ds18b20_ReadByte) refers to ds18b20.o(.text.ds18b20_ReadByte) for [Anonymous Symbol]
    ds18b20.o(.text.ds18b20_WriteBit) refers to ds18b20.o(.text.DelayMicro) for DelayMicro
    ds18b20.o(.ARM.exidx.text.ds18b20_WriteBit) refers to ds18b20.o(.text.ds18b20_WriteBit) for [Anonymous Symbol]
    ds18b20.o(.text.ds18b20_WriteByte) refers to ds18b20.o(.text.ds18b20_WriteBit) for ds18b20_WriteBit
    ds18b20.o(.text.ds18b20_WriteByte) refers to ds18b20.o(.text.DelayMicro) for DelayMicro
    ds18b20.o(.ARM.exidx.text.ds18b20_WriteByte) refers to ds18b20.o(.text.ds18b20_WriteByte) for [Anonymous Symbol]
    ds18b20.o(.text.ds18b20_MatchRom) refers to ds18b20.o(.text.ds18b20_Reset) for ds18b20_Reset
    ds18b20.o(.text.ds18b20_MatchRom) refers to ds18b20.o(.text.ds18b20_WriteByte) for ds18b20_WriteByte
    ds18b20.o(.ARM.exidx.text.ds18b20_MatchRom) refers to ds18b20.o(.text.ds18b20_MatchRom) for [Anonymous Symbol]
    ds18b20.o(.text.ds18b20_Init) refers to ds18b20.o(.text.ds18b20_Reset) for ds18b20_Reset
    ds18b20.o(.text.ds18b20_Init) refers to ds18b20.o(.text.ds18b20_WriteByte) for ds18b20_WriteByte
    ds18b20.o(.text.ds18b20_Init) refers to ds18b20.o(.text.ds18b20_MatchRom) for ds18b20_MatchRom
    ds18b20.o(.ARM.exidx.text.ds18b20_Init) refers to ds18b20.o(.text.ds18b20_Init) for [Anonymous Symbol]
    ds18b20.o(.text.ds18b20_ConvertTemp) refers to ds18b20.o(.text.ds18b20_Reset) for ds18b20_Reset
    ds18b20.o(.text.ds18b20_ConvertTemp) refers to ds18b20.o(.text.ds18b20_WriteByte) for ds18b20_WriteByte
    ds18b20.o(.text.ds18b20_ConvertTemp) refers to ds18b20.o(.text.ds18b20_MatchRom) for ds18b20_MatchRom
    ds18b20.o(.ARM.exidx.text.ds18b20_ConvertTemp) refers to ds18b20.o(.text.ds18b20_ConvertTemp) for [Anonymous Symbol]
    ds18b20.o(.text.ds18b20_ReadStratchpad) refers to ds18b20.o(.text.ds18b20_Reset) for ds18b20_Reset
    ds18b20.o(.text.ds18b20_ReadStratchpad) refers to ds18b20.o(.text.ds18b20_WriteByte) for ds18b20_WriteByte
    ds18b20.o(.text.ds18b20_ReadStratchpad) refers to ds18b20.o(.text.ds18b20_MatchRom) for ds18b20_MatchRom
    ds18b20.o(.text.ds18b20_ReadStratchpad) refers to ds18b20.o(.text.ds18b20_ReadByte) for ds18b20_ReadByte
    ds18b20.o(.ARM.exidx.text.ds18b20_ReadStratchpad) refers to ds18b20.o(.text.ds18b20_ReadStratchpad) for [Anonymous Symbol]
    ds18b20.o(.text.ds18b20_ReadROM) refers to ds18b20.o(.text.ds18b20_Reset) for ds18b20_Reset
    ds18b20.o(.text.ds18b20_ReadROM) refers to ds18b20.o(.text.ds18b20_WriteByte) for ds18b20_WriteByte
    ds18b20.o(.text.ds18b20_ReadROM) refers to ds18b20.o(.text.ds18b20_ReadByte) for ds18b20_ReadByte
    ds18b20.o(.ARM.exidx.text.ds18b20_ReadROM) refers to ds18b20.o(.text.ds18b20_ReadROM) for [Anonymous Symbol]
    ds18b20.o(.ARM.exidx.text.Compute_CRC8) refers to ds18b20.o(.text.Compute_CRC8) for [Anonymous Symbol]
    ds18b20.o(.text.Search_ROM) refers to ds18b20.o(.text.ds18b20_Reset) for ds18b20_Reset
    ds18b20.o(.text.Search_ROM) refers to ds18b20.o(.text.ds18b20_WriteBit) for ds18b20_WriteBit
    ds18b20.o(.text.Search_ROM) refers to ds18b20.o(.text.ds18b20_ReadBit) for ds18b20_ReadBit
    ds18b20.o(.ARM.exidx.text.Search_ROM) refers to ds18b20.o(.text.Search_ROM) for [Anonymous Symbol]
    ds18b20.o(.ARM.exidx.text.WriteTHTL) refers to ds18b20.o(.text.WriteTHTL) for [Anonymous Symbol]
    ds18b20.o(.ARM.exidx.text.ChangeACP) refers to ds18b20.o(.text.ChangeACP) for [Anonymous Symbol]
    ds18b20.o(.text.WriteScratchpad) refers to ds18b20.o(.text.ds18b20_Reset) for ds18b20_Reset
    ds18b20.o(.text.WriteScratchpad) refers to ds18b20.o(.text.ds18b20_WriteByte) for ds18b20_WriteByte
    ds18b20.o(.text.WriteScratchpad) refers to ds18b20.o(.text.ds18b20_MatchRom) for ds18b20_MatchRom
    ds18b20.o(.ARM.exidx.text.WriteScratchpad) refers to ds18b20.o(.text.WriteScratchpad) for [Anonymous Symbol]
    ds18b20.o(.text.CopyScratchpad) refers to ds18b20.o(.text.ds18b20_Reset) for ds18b20_Reset
    ds18b20.o(.text.CopyScratchpad) refers to ds18b20.o(.text.ds18b20_WriteByte) for ds18b20_WriteByte
    ds18b20.o(.text.CopyScratchpad) refers to ds18b20.o(.text.ds18b20_MatchRom) for ds18b20_MatchRom
    ds18b20.o(.ARM.exidx.text.CopyScratchpad) refers to ds18b20.o(.text.CopyScratchpad) for [Anonymous Symbol]
    ds18b20.o(.text.ReadERROM) refers to ds18b20.o(.text.ds18b20_Reset) for ds18b20_Reset
    ds18b20.o(.text.ReadERROM) refers to ds18b20.o(.text.ds18b20_WriteByte) for ds18b20_WriteByte
    ds18b20.o(.text.ReadERROM) refers to ds18b20.o(.text.ds18b20_MatchRom) for ds18b20_MatchRom
    ds18b20.o(.text.ReadERROM) refers to ds18b20.o(.text.ds18b20_ReadByte) for ds18b20_ReadByte
    ds18b20.o(.ARM.exidx.text.ReadERROM) refers to ds18b20.o(.text.ReadERROM) for [Anonymous Symbol]
    ds18b20.o(.ARM.exidx.text.enable_pin) refers to ds18b20.o(.text.enable_pin) for [Anonymous Symbol]
    ds18b20.o(.text.GPIO_Init) refers to ds18b20.o(.data.LED_pin) for LED_pin
    ds18b20.o(.text.GPIO_Init) refers to ds18b20.o(.text.enable_pin) for enable_pin
    ds18b20.o(.ARM.exidx.text.GPIO_Init) refers to ds18b20.o(.text.GPIO_Init) for [Anonymous Symbol]
    main.o(.text.Init_Sensors) refers to main.o(.bss.sensors) for sensors
    main.o(.ARM.exidx.text.Init_Sensors) refers to main.o(.text.Init_Sensors) for [Anonymous Symbol]
    main.o(.text.main) refers to system_stm32f10x.o(.data.SystemCoreClock) for SystemCoreClock
    main.o(.text.main) refers to main.o(.text.SysTick_Config) for SysTick_Config
    main.o(.text.main) refers to ds18b20.o(.text.GPIO_Init) for GPIO_Init
    main.o(.text.main) refers to ds18b20.o(.text.ds18b20_PortInit) for ds18b20_PortInit
    main.o(.text.main) refers to ds18b20.o(.text.ds18b20_Reset) for ds18b20_Reset
    main.o(.text.main) refers to main.o(.bss.sensors) for sensors
    main.o(.text.main) refers to ds18b20.o(.text.Search_ROM) for Search_ROM
    main.o(.text.main) refers to ds18b20.o(.text.ds18b20_ConvertTemp) for ds18b20_ConvertTemp
    main.o(.text.main) refers to ds18b20.o(.text.DelayMicro) for DelayMicro
    main.o(.text.main) refers to ds18b20.o(.text.ds18b20_ReadStratchpad) for ds18b20_ReadStratchpad
    main.o(.text.main) refers to ds18b20.o(.text.Compute_CRC8) for Compute_CRC8
    main.o(.text.main) refers to dflt_clz.o(x$fpl$dflt) for __aeabi_i2d
    main.o(.text.main) refers to dmul.o(x$fpl$dmul) for __aeabi_dmul
    main.o(.text.main) refers to d2f.o(x$fpl$d2f) for __aeabi_d2f
    main.o(.text.main) refers to ds18b20.o(.text.WriteTHTL) for WriteTHTL
    main.o(.ARM.exidx.text.main) refers to main.o(.text.main) for [Anonymous Symbol]
    main.o(.text.SysTick_Config) refers to main.o(.text.__NVIC_SetPriority) for __NVIC_SetPriority
    main.o(.ARM.exidx.text.SysTick_Config) refers to main.o(.text.SysTick_Config) for [Anonymous Symbol]
    main.o(.ARM.exidx.text.__NVIC_SetPriority) refers to main.o(.text.__NVIC_SetPriority) for [Anonymous Symbol]
    buttons_nucleo_f103rb.o(.ARM.exidx.text.Buttons_Initialize) refers to buttons_nucleo_f103rb.o(.text.Buttons_Initialize) for [Anonymous Symbol]
    buttons_nucleo_f103rb.o(.ARM.exidx.text.Buttons_Uninitialize) refers to buttons_nucleo_f103rb.o(.text.Buttons_Uninitialize) for [Anonymous Symbol]
    buttons_nucleo_f103rb.o(.ARM.exidx.text.Buttons_GetState) refers to buttons_nucleo_f103rb.o(.text.Buttons_GetState) for [Anonymous Symbol]
    buttons_nucleo_f103rb.o(.ARM.exidx.text.Buttons_GetCount) refers to buttons_nucleo_f103rb.o(.text.Buttons_GetCount) for [Anonymous Symbol]
    led_nucleo_f103rb.o(.ARM.exidx.text.LED_Initialize) refers to led_nucleo_f103rb.o(.text.LED_Initialize) for [Anonymous Symbol]
    led_nucleo_f103rb.o(.ARM.exidx.text.LED_Uninitialize) refers to led_nucleo_f103rb.o(.text.LED_Uninitialize) for [Anonymous Symbol]
    led_nucleo_f103rb.o(.text.LED_On) refers to led_nucleo_f103rb.o(.rodata.led_mask) for led_mask
    led_nucleo_f103rb.o(.ARM.exidx.text.LED_On) refers to led_nucleo_f103rb.o(.text.LED_On) for [Anonymous Symbol]
    led_nucleo_f103rb.o(.text.LED_Off) refers to led_nucleo_f103rb.o(.rodata.led_mask) for led_mask
    led_nucleo_f103rb.o(.ARM.exidx.text.LED_Off) refers to led_nucleo_f103rb.o(.text.LED_Off) for [Anonymous Symbol]
    led_nucleo_f103rb.o(.text.LED_SetOut) refers to led_nucleo_f103rb.o(.text.LED_On) for LED_On
    led_nucleo_f103rb.o(.text.LED_SetOut) refers to led_nucleo_f103rb.o(.text.LED_Off) for LED_Off
    led_nucleo_f103rb.o(.ARM.exidx.text.LED_SetOut) refers to led_nucleo_f103rb.o(.text.LED_SetOut) for [Anonymous Symbol]
    led_nucleo_f103rb.o(.ARM.exidx.text.LED_GetCount) refers to led_nucleo_f103rb.o(.text.LED_GetCount) for [Anonymous Symbol]
    gpio_stm32f10x.o(.ARM.exidx.text.GPIO_PortClock) refers to gpio_stm32f10x.o(.text.GPIO_PortClock) for [Anonymous Symbol]
    gpio_stm32f10x.o(.ARM.exidx.text.GPIO_GetPortClockState) refers to gpio_stm32f10x.o(.text.GPIO_GetPortClockState) for [Anonymous Symbol]
    gpio_stm32f10x.o(.text.GPIO_PinConfigure) refers to gpio_stm32f10x.o(.text.GPIO_GetPortClockState) for GPIO_GetPortClockState
    gpio_stm32f10x.o(.text.GPIO_PinConfigure) refers to gpio_stm32f10x.o(.text.GPIO_PortClock) for GPIO_PortClock
    gpio_stm32f10x.o(.ARM.exidx.text.GPIO_PinConfigure) refers to gpio_stm32f10x.o(.text.GPIO_PinConfigure) for [Anonymous Symbol]
    gpio_stm32f10x.o(.ARM.exidx.text.GPIO_AFConfigure) refers to gpio_stm32f10x.o(.text.GPIO_AFConfigure) for [Anonymous Symbol]
    startup_stm32f10x_md.o(STACK) refers (Special) to heapauxi.o(.text) for __use_two_region_memory
    startup_stm32f10x_md.o(HEAP) refers (Special) to heapauxi.o(.text) for __use_two_region_memory
    startup_stm32f10x_md.o(RESET) refers (Special) to heapauxi.o(.text) for __use_two_region_memory
    startup_stm32f10x_md.o(RESET) refers to startup_stm32f10x_md.o(STACK) for __initial_sp
    startup_stm32f10x_md.o(RESET) refers to startup_stm32f10x_md.o(.text) for Reset_Handler
    startup_stm32f10x_md.o(RESET) refers to ds18b20.o(.text.SysTick_Handler) for SysTick_Handler
    startup_stm32f10x_md.o(.text) refers (Special) to heapauxi.o(.text) for __use_two_region_memory
    startup_stm32f10x_md.o(.text) refers to system_stm32f10x.o(.text.SystemInit) for SystemInit
    startup_stm32f10x_md.o(.text) refers to __main.o(!!!main) for __main
    startup_stm32f10x_md.o(.text) refers to startup_stm32f10x_md.o(HEAP) for Heap_Mem
    startup_stm32f10x_md.o(.text) refers to startup_stm32f10x_md.o(STACK) for Stack_Mem
    system_stm32f10x.o(.text.SystemInit) refers to system_stm32f10x.o(.text.SetSysClock) for SetSysClock
    system_stm32f10x.o(.ARM.exidx.text.SystemInit) refers to system_stm32f10x.o(.text.SystemInit) for [Anonymous Symbol]
    system_stm32f10x.o(.text.SetSysClock) refers to system_stm32f10x.o(.text.SetSysClockTo72) for SetSysClockTo72
    system_stm32f10x.o(.ARM.exidx.text.SetSysClock) refers to system_stm32f10x.o(.text.SetSysClock) for [Anonymous Symbol]
    system_stm32f10x.o(.text.SystemCoreClockUpdate) refers to system_stm32f10x.o(.data.SystemCoreClock) for SystemCoreClock
    system_stm32f10x.o(.text.SystemCoreClockUpdate) refers to system_stm32f10x.o(.rodata.AHBPrescTable) for AHBPrescTable
    system_stm32f10x.o(.ARM.exidx.text.SystemCoreClockUpdate) refers to system_stm32f10x.o(.text.SystemCoreClockUpdate) for [Anonymous Symbol]
    system_stm32f10x.o(.ARM.exidx.text.SetSysClockTo72) refers to system_stm32f10x.o(.text.SetSysClockTo72) for [Anonymous Symbol]
    __main.o(!!!main) refers to __rtentry.o(.ARM.Collect$$rtentry$$00000000) for __rt_entry
    d2f.o(x$fpl$d2f) refers (Special) to usenofp.o(x$fpl$usenofp) for __I$use$fp
    d2f.o(x$fpl$d2f) refers to fretinf.o(x$fpl$fretinf) for __fpl_fretinf
    d2f.o(x$fpl$d2f) refers to dnaninf.o(x$fpl$dnaninf) for __fpl_dnaninf
    dflt_clz.o(x$fpl$dfltu) refers (Special) to usenofp.o(x$fpl$usenofp) for __I$use$fp
    dflt_clz.o(x$fpl$dflt) refers (Special) to usenofp.o(x$fpl$usenofp) for __I$use$fp
    dflt_clz.o(x$fpl$dfltn) refers (Special) to usenofp.o(x$fpl$usenofp) for __I$use$fp
    dmul.o(x$fpl$dmul) refers (Special) to usenofp.o(x$fpl$usenofp) for __I$use$fp
    dmul.o(x$fpl$dmul) refers to dretinf.o(x$fpl$dretinf) for __fpl_dretinf
    dmul.o(x$fpl$dmul) refers to dnaninf.o(x$fpl$dnaninf) for __fpl_dnaninf
    __rtentry.o(.ARM.Collect$$rtentry$$00000000) refers (Special) to __rtentry2.o(.ARM.Collect$$rtentry$$0000000A) for __rt_entry_li
    __rtentry.o(.ARM.Collect$$rtentry$$00000000) refers (Special) to __rtentry2.o(.ARM.Collect$$rtentry$$0000000D) for __rt_entry_main
    __rtentry.o(.ARM.Collect$$rtentry$$00000000) refers (Special) to __rtentry2.o(.ARM.Collect$$rtentry$$0000000C) for __rt_entry_postli_1
    __rtentry.o(.ARM.Collect$$rtentry$$00000000) refers (Special) to __rtentry2.o(.ARM.Collect$$rtentry$$00000009) for __rt_entry_postsh_1
    __rtentry.o(.ARM.Collect$$rtentry$$00000000) refers (Special) to __rtentry2.o(.ARM.Collect$$rtentry$$00000002) for __rt_entry_presh_1
    __rtentry.o(.ARM.Collect$$rtentry$$00000000) refers (Special) to __rtentry4.o(.ARM.Collect$$rtentry$$00000004) for __rt_entry_sh
    dnaninf.o(x$fpl$dnaninf) refers (Special) to usenofp.o(x$fpl$usenofp) for __I$use$fp
    dretinf.o(x$fpl$dretinf) refers (Special) to usenofp.o(x$fpl$usenofp) for __I$use$fp
    fretinf.o(x$fpl$fretinf) refers (Special) to usenofp.o(x$fpl$usenofp) for __I$use$fp
    __rtentry2.o(.ARM.Collect$$rtentry$$00000008) refers to boardinit2.o(.text) for _platform_post_stackheap_init
    __rtentry2.o(.ARM.Collect$$rtentry$$0000000A) refers to libinit.o(.ARM.Collect$$libinit$$00000000) for __rt_lib_init
    __rtentry2.o(.ARM.Collect$$rtentry$$0000000B) refers to boardinit3.o(.text) for _platform_post_lib_init
    __rtentry2.o(.ARM.Collect$$rtentry$$0000000D) refers to main.o(.text.main) for main
    __rtentry2.o(.ARM.Collect$$rtentry$$0000000D) refers to exit.o(.text) for exit
    __rtentry2.o(.ARM.exidx) refers to __rtentry2.o(.ARM.Collect$$rtentry$$00000001) for .ARM.Collect$$rtentry$$00000001
    __rtentry2.o(.ARM.exidx) refers to __rtentry2.o(.ARM.Collect$$rtentry$$00000008) for .ARM.Collect$$rtentry$$00000008
    __rtentry2.o(.ARM.exidx) refers to __rtentry2.o(.ARM.Collect$$rtentry$$0000000A) for .ARM.Collect$$rtentry$$0000000A
    __rtentry2.o(.ARM.exidx) refers to __rtentry2.o(.ARM.Collect$$rtentry$$0000000B) for .ARM.Collect$$rtentry$$0000000B
    __rtentry2.o(.ARM.exidx) refers to __rtentry2.o(.ARM.Collect$$rtentry$$0000000D) for .ARM.Collect$$rtentry$$0000000D
    __rtentry4.o(.ARM.Collect$$rtentry$$00000004) refers to sys_stackheap_outer.o(.text) for __user_setup_stackheap
    __rtentry4.o(.ARM.exidx) refers to __rtentry4.o(.ARM.Collect$$rtentry$$00000004) for .ARM.Collect$$rtentry$$00000004
    sys_stackheap_outer.o(.text) refers to libspace.o(.text) for __user_perproc_libspace
    sys_stackheap_outer.o(.text) refers to startup_stm32f10x_md.o(.text) for __user_initial_stackheap
    exit.o(.text) refers to rtexit.o(.ARM.Collect$$rtexit$$00000000) for __rt_exit
    libinit.o(.ARM.Collect$$libinit$$00000000) refers (Special) to libinit2.o(.ARM.Collect$$libinit$$00000030) for __rt_lib_init_alloca_1
    libinit.o(.ARM.Collect$$libinit$$00000000) refers (Special) to libinit2.o(.ARM.Collect$$libinit$$0000002E) for __rt_lib_init_argv_1
    libinit.o(.ARM.Collect$$libinit$$00000000) refers (Special) to libinit2.o(.ARM.Collect$$libinit$$0000001D) for __rt_lib_init_atexit_1
    libinit.o(.ARM.Collect$$libinit$$00000000) refers (Special) to libinit2.o(.ARM.Collect$$libinit$$00000023) for __rt_lib_init_clock_1
    libinit.o(.ARM.Collect$$libinit$$00000000) refers (Special) to libinit2.o(.ARM.Collect$$libinit$$00000034) for __rt_lib_init_cpp_1
    libinit.o(.ARM.Collect$$libinit$$00000000) refers (Special) to libinit2.o(.ARM.Collect$$libinit$$00000032) for __rt_lib_init_exceptions_1
    libinit.o(.ARM.Collect$$libinit$$00000000) refers (Special) to libinit2.o(.ARM.Collect$$libinit$$00000002) for __rt_lib_init_fp_1
    libinit.o(.ARM.Collect$$libinit$$00000000) refers (Special) to libinit2.o(.ARM.Collect$$libinit$$00000021) for __rt_lib_init_fp_trap_1
    libinit.o(.ARM.Collect$$libinit$$00000000) refers (Special) to libinit2.o(.ARM.Collect$$libinit$$00000025) for __rt_lib_init_getenv_1
    libinit.o(.ARM.Collect$$libinit$$00000000) refers (Special) to libinit2.o(.ARM.Collect$$libinit$$0000000C) for __rt_lib_init_heap_1
    libinit.o(.ARM.Collect$$libinit$$00000000) refers (Special) to libinit2.o(.ARM.Collect$$libinit$$00000013) for __rt_lib_init_lc_collate_1
    libinit.o(.ARM.Collect$$libinit$$00000000) refers (Special) to libinit2.o(.ARM.Collect$$libinit$$00000015) for __rt_lib_init_lc_ctype_1
    libinit.o(.ARM.Collect$$libinit$$00000000) refers (Special) to libinit2.o(.ARM.Collect$$libinit$$00000017) for __rt_lib_init_lc_monetary_1
    libinit.o(.ARM.Collect$$libinit$$00000000) refers (Special) to libinit2.o(.ARM.Collect$$libinit$$00000019) for __rt_lib_init_lc_numeric_1
    libinit.o(.ARM.Collect$$libinit$$00000000) refers (Special) to libinit2.o(.ARM.Collect$$libinit$$0000001B) for __rt_lib_init_lc_time_1
    libinit.o(.ARM.Collect$$libinit$$00000000) refers (Special) to libinit2.o(.ARM.Collect$$libinit$$00000006) for __rt_lib_init_preinit_1
    libinit.o(.ARM.Collect$$libinit$$00000000) refers (Special) to libinit2.o(.ARM.Collect$$libinit$$00000010) for __rt_lib_init_rand_1
    libinit.o(.ARM.Collect$$libinit$$00000000) refers (Special) to libinit2.o(.ARM.Collect$$libinit$$00000004) for __rt_lib_init_relocate_pie_1
    libinit.o(.ARM.Collect$$libinit$$00000000) refers (Special) to libinit2.o(.ARM.Collect$$libinit$$00000035) for __rt_lib_init_return
    libinit.o(.ARM.Collect$$libinit$$00000000) refers (Special) to libinit2.o(.ARM.Collect$$libinit$$0000001F) for __rt_lib_init_signal_1
    libinit.o(.ARM.Collect$$libinit$$00000000) refers (Special) to libinit2.o(.ARM.Collect$$libinit$$00000027) for __rt_lib_init_stdio_1
    libinit.o(.ARM.Collect$$libinit$$00000000) refers (Special) to libinit2.o(.ARM.Collect$$libinit$$0000000E) for __rt_lib_init_user_alloc_1
    libspace.o(.text) refers to libspace.o(.bss) for __libspace_start
    rtexit.o(.ARM.Collect$$rtexit$$00000000) refers (Special) to rtexit2.o(.ARM.Collect$$rtexit$$00000004) for __rt_exit_exit
    rtexit.o(.ARM.Collect$$rtexit$$00000000) refers (Special) to rtexit2.o(.ARM.Collect$$rtexit$$00000003) for __rt_exit_ls
    rtexit.o(.ARM.Collect$$rtexit$$00000000) refers (Special) to rtexit2.o(.ARM.Collect$$rtexit$$00000002) for __rt_exit_prels_1
    rtexit.o(.ARM.exidx) refers (Special) to rtexit2.o(.ARM.Collect$$rtexit$$00000004) for __rt_exit_exit
    rtexit.o(.ARM.exidx) refers (Special) to rtexit2.o(.ARM.Collect$$rtexit$$00000003) for __rt_exit_ls
    rtexit.o(.ARM.exidx) refers (Special) to rtexit2.o(.ARM.Collect$$rtexit$$00000002) for __rt_exit_prels_1
    rtexit.o(.ARM.exidx) refers to rtexit.o(.ARM.Collect$$rtexit$$00000000) for .ARM.Collect$$rtexit$$00000000
    libinit2.o(.ARM.Collect$$libinit$$00000012) refers to libinit2.o(.ARM.Collect$$libinit$$00000011) for .ARM.Collect$$libinit$$00000011
    libinit2.o(.ARM.Collect$$libinit$$00000014) refers to libinit2.o(.ARM.Collect$$libinit$$00000011) for .ARM.Collect$$libinit$$00000011
    libinit2.o(.ARM.Collect$$libinit$$00000016) refers to libinit2.o(.ARM.Collect$$libinit$$00000011) for .ARM.Collect$$libinit$$00000011
    libinit2.o(.ARM.Collect$$libinit$$00000018) refers to libinit2.o(.ARM.Collect$$libinit$$00000011) for .ARM.Collect$$libinit$$00000011
    libinit2.o(.ARM.Collect$$libinit$$0000001A) refers to libinit2.o(.ARM.Collect$$libinit$$00000011) for .ARM.Collect$$libinit$$00000011
    libinit2.o(.ARM.Collect$$libinit$$00000028) refers to argv_veneer.o(.emb_text) for __ARM_argv_veneer
    libinit2.o(.ARM.Collect$$libinit$$00000029) refers to argv_veneer.o(.emb_text) for __ARM_argv_veneer
    rtexit2.o(.ARM.Collect$$rtexit$$00000003) refers to libshutdown.o(.ARM.Collect$$libshutdown$$00000000) for __rt_lib_shutdown
    rtexit2.o(.ARM.Collect$$rtexit$$00000004) refers to sys_exit.o(.text) for _sys_exit
    rtexit2.o(.ARM.exidx) refers to rtexit2.o(.ARM.Collect$$rtexit$$00000001) for .ARM.Collect$$rtexit$$00000001
    rtexit2.o(.ARM.exidx) refers to rtexit2.o(.ARM.Collect$$rtexit$$00000003) for .ARM.Collect$$rtexit$$00000003
    rtexit2.o(.ARM.exidx) refers to rtexit2.o(.ARM.Collect$$rtexit$$00000004) for .ARM.Collect$$rtexit$$00000004
    argv_veneer.o(.emb_text) refers to no_argv.o(.text) for __ARM_get_argv
    sys_exit.o(.text) refers (Special) to use_no_semi.o(.text) for __I$use$semihosting
    sys_exit.o(.text) refers (Special) to indicate_semi.o(.text) for __semihosting_library_function
    sys_exit_hlt.o(.text) refers (Special) to use_no_semi.o(.text) for __I$use$semihosting
    sys_exit_hlt.o(.text) refers (Special) to indicate_semi.o(.text) for __semihosting_library_function
    _get_argv_nomalloc.o(.text) refers (Special) to hrguard.o(.text) for __heap_region$guard
    _get_argv_nomalloc.o(.text) refers to defsig_rtmem_outer.o(.text) for __rt_SIGRTMEM
    _get_argv_nomalloc.o(.text) refers to sys_command.o(.text) for _sys_command_string
    libshutdown.o(.ARM.Collect$$libshutdown$$00000000) refers (Special) to libshutdown2.o(.ARM.Collect$$libshutdown$$00000002) for __rt_lib_shutdown_cpp_1
    libshutdown.o(.ARM.Collect$$libshutdown$$00000000) refers (Special) to libshutdown2.o(.ARM.Collect$$libshutdown$$00000007) for __rt_lib_shutdown_fp_trap_1
    libshutdown.o(.ARM.Collect$$libshutdown$$00000000) refers (Special) to libshutdown2.o(.ARM.Collect$$libshutdown$$0000000F) for __rt_lib_shutdown_heap_1
    libshutdown.o(.ARM.Collect$$libshutdown$$00000000) refers (Special) to libshutdown2.o(.ARM.Collect$$libshutdown$$00000010) for __rt_lib_shutdown_return
    libshutdown.o(.ARM.Collect$$libshutdown$$00000000) refers (Special) to libshutdown2.o(.ARM.Collect$$libshutdown$$0000000A) for __rt_lib_shutdown_signal_1
    libshutdown.o(.ARM.Collect$$libshutdown$$00000000) refers (Special) to libshutdown2.o(.ARM.Collect$$libshutdown$$00000004) for __rt_lib_shutdown_stdio_1
    libshutdown.o(.ARM.Collect$$libshutdown$$00000000) refers (Special) to libshutdown2.o(.ARM.Collect$$libshutdown$$0000000C) for __rt_lib_shutdown_user_alloc_1
    sys_command.o(.text) refers (Special) to use_no_semi.o(.text) for __I$use$semihosting
    sys_command.o(.text) refers (Special) to indicate_semi.o(.text) for __semihosting_library_function
    sys_command_hlt.o(.text) refers (Special) to use_no_semi.o(.text) for __I$use$semihosting
    sys_command_hlt.o(.text) refers (Special) to indicate_semi.o(.text) for __semihosting_library_function
    defsig_rtmem_outer.o(.text) refers to defsig_rtmem_inner.o(.text) for __rt_SIGRTMEM_inner
    defsig_rtmem_outer.o(.text) refers to defsig_exit.o(.text) for __sig_exit
    defsig_rtmem_formal.o(.text) refers to rt_raise.o(.text) for __rt_raise
    rt_raise.o(.text) refers to __raise.o(.text) for __raise
    rt_raise.o(.text) refers to sys_exit.o(.text) for _sys_exit
    defsig_exit.o(.text) refers to sys_exit.o(.text) for _sys_exit
    defsig_rtmem_inner.o(.text) refers to defsig_general.o(.text) for __default_signal_display
    __raise.o(.text) refers to defsig.o(CL$$defsig) for __default_signal_handler
    defsig_general.o(.text) refers to sys_wrch.o(.text) for _ttywrch
    sys_wrch.o(.text) refers (Special) to use_no_semi.o(.text) for __I$use$semihosting
    sys_wrch.o(.text) refers (Special) to indicate_semi.o(.text) for __semihosting_library_function
    sys_wrch_hlt.o(.text) refers (Special) to use_no_semi.o(.text) for __I$use$semihosting
    sys_wrch_hlt.o(.text) refers (Special) to indicate_semi.o(.text) for __semihosting_library_function
    defsig.o(CL$$defsig) refers to defsig_rtmem_inner.o(.text) for __rt_SIGRTMEM_inner
    defsig_abrt_inner.o(.text) refers to defsig_general.o(.text) for __default_signal_display
    defsig_fpe_inner.o(.text) refers to defsig_general.o(.text) for __default_signal_display
    defsig_rtred_inner.o(.text) refers to defsig_general.o(.text) for __default_signal_display
    defsig_stak_inner.o(.text) refers to defsig_general.o(.text) for __default_signal_display
    defsig_pvfn_inner.o(.text) refers to defsig_general.o(.text) for __default_signal_display
    defsig_cppl_inner.o(.text) refers to defsig_general.o(.text) for __default_signal_display
    defsig_segv_inner.o(.text) refers to defsig_general.o(.text) for __default_signal_display
    defsig_other.o(.text) refers to defsig_general.o(.text) for __default_signal_display


==============================================================================

Removing Unused input sections from the image.

    Removing ds18b20.o(.text), (0 bytes).
    Removing ds18b20.o(.ARM.exidx.text.SysTick_Handler), (8 bytes).
    Removing ds18b20.o(.ARM.exidx.text.switch_pin), (8 bytes).
    Removing ds18b20.o(.ARM.exidx.text.DelayMicro), (8 bytes).
    Removing ds18b20.o(.ARM.exidx.text.ds18b20_PortInit), (8 bytes).
    Removing ds18b20.o(.ARM.exidx.text.ds18b20_Reset), (8 bytes).
    Removing ds18b20.o(.ARM.exidx.text.ds18b20_ReadBit), (8 bytes).
    Removing ds18b20.o(.ARM.exidx.text.ds18b20_ReadByte), (8 bytes).
    Removing ds18b20.o(.ARM.exidx.text.ds18b20_WriteBit), (8 bytes).
    Removing ds18b20.o(.ARM.exidx.text.ds18b20_WriteByte), (8 bytes).
    Removing ds18b20.o(.ARM.exidx.text.ds18b20_MatchRom), (8 bytes).
    Removing ds18b20.o(.text.ds18b20_Init), (72 bytes).
    Removing ds18b20.o(.ARM.exidx.text.ds18b20_Init), (8 bytes).
    Removing ds18b20.o(.ARM.exidx.text.ds18b20_ConvertTemp), (8 bytes).
    Removing ds18b20.o(.ARM.exidx.text.ds18b20_ReadStratchpad), (8 bytes).
    Removing ds18b20.o(.text.ds18b20_ReadROM), (64 bytes).
    Removing ds18b20.o(.ARM.exidx.text.ds18b20_ReadROM), (8 bytes).
    Removing ds18b20.o(.ARM.exidx.text.Compute_CRC8), (8 bytes).
    Removing ds18b20.o(.ARM.exidx.text.Search_ROM), (8 bytes).
    Removing ds18b20.o(.ARM.exidx.text.WriteTHTL), (8 bytes).
    Removing ds18b20.o(.text.ChangeACP), (50 bytes).
    Removing ds18b20.o(.ARM.exidx.text.ChangeACP), (8 bytes).
    Removing ds18b20.o(.text.WriteScratchpad), (72 bytes).
    Removing ds18b20.o(.ARM.exidx.text.WriteScratchpad), (8 bytes).
    Removing ds18b20.o(.text.CopyScratchpad), (48 bytes).
    Removing ds18b20.o(.ARM.exidx.text.CopyScratchpad), (8 bytes).
    Removing ds18b20.o(.text.ReadERROM), (60 bytes).
    Removing ds18b20.o(.ARM.exidx.text.ReadERROM), (8 bytes).
    Removing ds18b20.o(.ARM.exidx.text.enable_pin), (8 bytes).
    Removing ds18b20.o(.ARM.exidx.text.GPIO_Init), (8 bytes).
    Removing ds18b20.o(.bss.onewire_enum_fork_bit), (1 bytes).
    Removing main.o(.text), (0 bytes).
    Removing main.o(.text.Init_Sensors), (220 bytes).
    Removing main.o(.ARM.exidx.text.Init_Sensors), (8 bytes).
    Removing main.o(.ARM.exidx.text.main), (8 bytes).
    Removing main.o(.ARM.exidx.text.SysTick_Config), (8 bytes).
    Removing main.o(.ARM.exidx.text.__NVIC_SetPriority), (8 bytes).
    Removing main.o(.ARM.use_no_argv), (4 bytes).
    Removing buttons_nucleo_f103rb.o(.text), (0 bytes).
    Removing buttons_nucleo_f103rb.o(.text.Buttons_Initialize), (44 bytes).
    Removing buttons_nucleo_f103rb.o(.ARM.exidx.text.Buttons_Initialize), (8 bytes).
    Removing buttons_nucleo_f103rb.o(.text.Buttons_Uninitialize), (20 bytes).
    Removing buttons_nucleo_f103rb.o(.ARM.exidx.text.Buttons_Uninitialize), (8 bytes).
    Removing buttons_nucleo_f103rb.o(.text.Buttons_GetState), (40 bytes).
    Removing buttons_nucleo_f103rb.o(.ARM.exidx.text.Buttons_GetState), (8 bytes).
    Removing buttons_nucleo_f103rb.o(.text.Buttons_GetCount), (4 bytes).
    Removing buttons_nucleo_f103rb.o(.ARM.exidx.text.Buttons_GetCount), (8 bytes).
    Removing led_nucleo_f103rb.o(.text), (0 bytes).
    Removing led_nucleo_f103rb.o(.text.LED_Initialize), (44 bytes).
    Removing led_nucleo_f103rb.o(.ARM.exidx.text.LED_Initialize), (8 bytes).
    Removing led_nucleo_f103rb.o(.text.LED_Uninitialize), (4 bytes).
    Removing led_nucleo_f103rb.o(.ARM.exidx.text.LED_Uninitialize), (8 bytes).
    Removing led_nucleo_f103rb.o(.text.LED_On), (54 bytes).
    Removing led_nucleo_f103rb.o(.ARM.exidx.text.LED_On), (8 bytes).
    Removing led_nucleo_f103rb.o(.text.LED_Off), (56 bytes).
    Removing led_nucleo_f103rb.o(.ARM.exidx.text.LED_Off), (8 bytes).
    Removing led_nucleo_f103rb.o(.text.LED_SetOut), (64 bytes).
    Removing led_nucleo_f103rb.o(.ARM.exidx.text.LED_SetOut), (8 bytes).
    Removing led_nucleo_f103rb.o(.text.LED_GetCount), (4 bytes).
    Removing led_nucleo_f103rb.o(.ARM.exidx.text.LED_GetCount), (8 bytes).
    Removing led_nucleo_f103rb.o(.rodata.led_mask), (4 bytes).
    Removing gpio_stm32f10x.o(.text), (0 bytes).
    Removing gpio_stm32f10x.o(.text.GPIO_PortClock), (528 bytes).
    Removing gpio_stm32f10x.o(.ARM.exidx.text.GPIO_PortClock), (8 bytes).
    Removing gpio_stm32f10x.o(.text.GPIO_GetPortClockState), (284 bytes).
    Removing gpio_stm32f10x.o(.ARM.exidx.text.GPIO_GetPortClockState), (8 bytes).
    Removing gpio_stm32f10x.o(.text.GPIO_PinConfigure), (222 bytes).
    Removing gpio_stm32f10x.o(.ARM.exidx.text.GPIO_PinConfigure), (8 bytes).
    Removing gpio_stm32f10x.o(.text.GPIO_AFConfigure), (228 bytes).
    Removing gpio_stm32f10x.o(.ARM.exidx.text.GPIO_AFConfigure), (8 bytes).
    Removing system_stm32f10x.o(.text), (0 bytes).
    Removing system_stm32f10x.o(.ARM.exidx.text.SystemInit), (8 bytes).
    Removing system_stm32f10x.o(.ARM.exidx.text.SetSysClock), (8 bytes).
    Removing system_stm32f10x.o(.text.SystemCoreClockUpdate), (290 bytes).
    Removing system_stm32f10x.o(.ARM.exidx.text.SystemCoreClockUpdate), (8 bytes).
    Removing system_stm32f10x.o(.ARM.exidx.text.SetSysClockTo72), (8 bytes).
    Removing system_stm32f10x.o(.rodata.AHBPrescTable), (16 bytes).

77 unused section(s) (total 2857 bytes) removed from the image.

==============================================================================

Image Symbol Table

    Local Symbols

    Symbol Name                              Value     Ov Type        Size  Object(Section)

    ../clib/angel/boardlib.s                 0x00000000   Number         0  boardinit1.o ABSOLUTE
    ../clib/angel/boardlib.s                 0x00000000   Number         0  boardinit2.o ABSOLUTE
    ../clib/angel/boardlib.s                 0x00000000   Number         0  boardinit3.o ABSOLUTE
    ../clib/angel/boardlib.s                 0x00000000   Number         0  boardshut.o ABSOLUTE
    ../clib/angel/handlers.s                 0x00000000   Number         0  __scatter_copy.o ABSOLUTE
    ../clib/angel/handlers.s                 0x00000000   Number         0  __scatter_zi.o ABSOLUTE
    ../clib/angel/kernel.s                   0x00000000   Number         0  __rtentry.o ABSOLUTE
    ../clib/angel/kernel.s                   0x00000000   Number         0  __rtentry2.o ABSOLUTE
    ../clib/angel/kernel.s                   0x00000000   Number         0  __rtentry4.o ABSOLUTE
    ../clib/angel/kernel.s                   0x00000000   Number         0  rtexit.o ABSOLUTE
    ../clib/angel/kernel.s                   0x00000000   Number         0  rtexit2.o ABSOLUTE
    ../clib/angel/rt.s                       0x00000000   Number         0  rt_raise.o ABSOLUTE
    ../clib/angel/scatter.s                  0x00000000   Number         0  __scatter.o ABSOLUTE
    ../clib/angel/startup.s                  0x00000000   Number         0  __main.o ABSOLUTE
    ../clib/angel/sys.s                      0x00000000   Number         0  sys_stackheap_outer.o ABSOLUTE
    ../clib/angel/sys.s                      0x00000000   Number         0  libspace.o ABSOLUTE
    ../clib/angel/sys.s                      0x00000000   Number         0  use_no_semi.o ABSOLUTE
    ../clib/angel/sys.s                      0x00000000   Number         0  indicate_semi.o ABSOLUTE
    ../clib/angel/sysapp.c                   0x00000000   Number         0  sys_exit.o ABSOLUTE
    ../clib/angel/sysapp.c                   0x00000000   Number         0  sys_exit_hlt.o ABSOLUTE
    ../clib/angel/sysapp.c                   0x00000000   Number         0  sys_command.o ABSOLUTE
    ../clib/angel/sysapp.c                   0x00000000   Number         0  sys_command_hlt.o ABSOLUTE
    ../clib/angel/sysapp.c                   0x00000000   Number         0  sys_wrch.o ABSOLUTE
    ../clib/angel/sysapp.c                   0x00000000   Number         0  sys_wrch_hlt.o ABSOLUTE
    ../clib/armsys.c                         0x00000000   Number         0  argv_veneer.o ABSOLUTE
    ../clib/armsys.c                         0x00000000   Number         0  argv_veneer.o ABSOLUTE
    ../clib/armsys.c                         0x00000000   Number         0  _get_argv_nomalloc.o ABSOLUTE
    ../clib/armsys.c                         0x00000000   Number         0  no_argv.o ABSOLUTE
    ../clib/heapalloc.c                      0x00000000   Number         0  hrguard.o ABSOLUTE
    ../clib/heapaux.c                        0x00000000   Number         0  heapauxi.o ABSOLUTE
    ../clib/libinit.s                        0x00000000   Number         0  libinit.o ABSOLUTE
    ../clib/libinit.s                        0x00000000   Number         0  libinit2.o ABSOLUTE
    ../clib/libinit.s                        0x00000000   Number         0  libshutdown.o ABSOLUTE
    ../clib/libinit.s                        0x00000000   Number         0  libshutdown2.o ABSOLUTE
    ../clib/signal.c                         0x00000000   Number         0  defsig_rtmem_outer.o ABSOLUTE
    ../clib/signal.c                         0x00000000   Number         0  defsig_rtmem_formal.o ABSOLUTE
    ../clib/signal.c                         0x00000000   Number         0  defsig_exit.o ABSOLUTE
    ../clib/signal.c                         0x00000000   Number         0  defsig_rtmem_inner.o ABSOLUTE
    ../clib/signal.c                         0x00000000   Number         0  __raise.o ABSOLUTE
    ../clib/signal.c                         0x00000000   Number         0  defsig_general.o ABSOLUTE
    ../clib/signal.c                         0x00000000   Number         0  defsig_abrt_inner.o ABSOLUTE
    ../clib/signal.c                         0x00000000   Number         0  defsig_fpe_inner.o ABSOLUTE
    ../clib/signal.c                         0x00000000   Number         0  defsig_rtred_inner.o ABSOLUTE
    ../clib/signal.c                         0x00000000   Number         0  defsig_stak_inner.o ABSOLUTE
    ../clib/signal.c                         0x00000000   Number         0  defsig_pvfn_inner.o ABSOLUTE
    ../clib/signal.c                         0x00000000   Number         0  defsig_cppl_inner.o ABSOLUTE
    ../clib/signal.c                         0x00000000   Number         0  defsig_segv_inner.o ABSOLUTE
    ../clib/signal.c                         0x00000000   Number         0  defsig_other.o ABSOLUTE
    ../clib/signal.s                         0x00000000   Number         0  defsig.o ABSOLUTE
    ../clib/stdlib.c                         0x00000000   Number         0  exit.o ABSOLUTE
    ../fplib/d2f.s                           0x00000000   Number         0  d2f.o ABSOLUTE
    ../fplib/dflt.s                          0x00000000   Number         0  dflt_clz.o ABSOLUTE
    ../fplib/dmul.s                          0x00000000   Number         0  dmul.o ABSOLUTE
    ../fplib/dnaninf.s                       0x00000000   Number         0  dnaninf.o ABSOLUTE
    ../fplib/dretinf.s                       0x00000000   Number         0  dretinf.o ABSOLUTE
    ../fplib/fpinit.s                        0x00000000   Number         0  fpinit.o ABSOLUTE
    ../fplib/fpinit_empty.s                  0x00000000   Number         0  fpinit_empty.o ABSOLUTE
    ../fplib/fretinf.s                       0x00000000   Number         0  fretinf.o ABSOLUTE
    ../fplib/usenofp.s                       0x00000000   Number         0  usenofp.o ABSOLUTE
    Buttons_NUCLEO_F103RB.c                  0x00000000   Number         0  buttons_nucleo_f103rb.o ABSOLUTE
    GPIO_STM32F10x.c                         0x00000000   Number         0  gpio_stm32f10x.o ABSOLUTE
    LED_NUCLEO_F103RB.c                      0x00000000   Number         0  led_nucleo_f103rb.o ABSOLUTE
    RTE/Device/STM32F103RB/startup_stm32f10x_md.s 0x00000000   Number         0  startup_stm32f10x_md.o ABSOLUTE
    dc.s                                     0x00000000   Number         0  dc.o ABSOLUTE
    ds18b20.c                                0x00000000   Number         0  ds18b20.o ABSOLUTE
    main.c                                   0x00000000   Number         0  main.o ABSOLUTE
    system_stm32f10x.c                       0x00000000   Number         0  system_stm32f10x.o ABSOLUTE
    RESET                                    0x08000000   Section      236  startup_stm32f10x_md.o(RESET)
    !!!main                                  0x080000ec   Section        8  __main.o(!!!main)
    !!!scatter                               0x080000f4   Section       92  __scatter.o(!!!scatter)
    !!handler_copy                           0x08000150   Section       26  __scatter_copy.o(!!handler_copy)
    !!handler_null                           0x0800016c   Section        2  __scatter.o(!!handler_null)
    !!handler_zi                             0x08000170   Section       28  __scatter_zi.o(!!handler_zi)
    .ARM.Collect$$libinit$$00000000          0x0800018c   Section        2  libinit.o(.ARM.Collect$$libinit$$00000000)
    .ARM.Collect$$libinit$$00000002          0x0800018e   Section        0  libinit2.o(.ARM.Collect$$libinit$$00000002)
    .ARM.Collect$$libinit$$00000004          0x0800018e   Section        0  libinit2.o(.ARM.Collect$$libinit$$00000004)
    .ARM.Collect$$libinit$$00000006          0x0800018e   Section        0  libinit2.o(.ARM.Collect$$libinit$$00000006)
    .ARM.Collect$$libinit$$0000000C          0x0800018e   Section        0  libinit2.o(.ARM.Collect$$libinit$$0000000C)
    .ARM.Collect$$libinit$$0000000E          0x0800018e   Section        0  libinit2.o(.ARM.Collect$$libinit$$0000000E)
    .ARM.Collect$$libinit$$00000010          0x0800018e   Section        0  libinit2.o(.ARM.Collect$$libinit$$00000010)
    .ARM.Collect$$libinit$$00000013          0x0800018e   Section        0  libinit2.o(.ARM.Collect$$libinit$$00000013)
    .ARM.Collect$$libinit$$00000015          0x0800018e   Section        0  libinit2.o(.ARM.Collect$$libinit$$00000015)
    .ARM.Collect$$libinit$$00000017          0x0800018e   Section        0  libinit2.o(.ARM.Collect$$libinit$$00000017)
    .ARM.Collect$$libinit$$00000019          0x0800018e   Section        0  libinit2.o(.ARM.Collect$$libinit$$00000019)
    .ARM.Collect$$libinit$$0000001B          0x0800018e   Section        0  libinit2.o(.ARM.Collect$$libinit$$0000001B)
    .ARM.Collect$$libinit$$0000001D          0x0800018e   Section        0  libinit2.o(.ARM.Collect$$libinit$$0000001D)
    .ARM.Collect$$libinit$$0000001F          0x0800018e   Section        0  libinit2.o(.ARM.Collect$$libinit$$0000001F)
    .ARM.Collect$$libinit$$00000021          0x0800018e   Section        0  libinit2.o(.ARM.Collect$$libinit$$00000021)
    .ARM.Collect$$libinit$$00000023          0x0800018e   Section        0  libinit2.o(.ARM.Collect$$libinit$$00000023)
    .ARM.Collect$$libinit$$00000025          0x0800018e   Section        0  libinit2.o(.ARM.Collect$$libinit$$00000025)
    .ARM.Collect$$libinit$$00000027          0x0800018e   Section        0  libinit2.o(.ARM.Collect$$libinit$$00000027)
    .ARM.Collect$$libinit$$0000002E          0x0800018e   Section        0  libinit2.o(.ARM.Collect$$libinit$$0000002E)
    .ARM.Collect$$libinit$$00000030          0x0800018e   Section        0  libinit2.o(.ARM.Collect$$libinit$$00000030)
    .ARM.Collect$$libinit$$00000032          0x0800018e   Section        0  libinit2.o(.ARM.Collect$$libinit$$00000032)
    .ARM.Collect$$libinit$$00000034          0x0800018e   Section        0  libinit2.o(.ARM.Collect$$libinit$$00000034)
    .ARM.Collect$$libinit$$00000035          0x0800018e   Section        2  libinit2.o(.ARM.Collect$$libinit$$00000035)
    .ARM.Collect$$libshutdown$$00000000      0x08000190   Section        2  libshutdown.o(.ARM.Collect$$libshutdown$$00000000)
    .ARM.Collect$$libshutdown$$00000002      0x08000192   Section        0  libshutdown2.o(.ARM.Collect$$libshutdown$$00000002)
    .ARM.Collect$$libshutdown$$00000004      0x08000192   Section        0  libshutdown2.o(.ARM.Collect$$libshutdown$$00000004)
    .ARM.Collect$$libshutdown$$00000007      0x08000192   Section        0  libshutdown2.o(.ARM.Collect$$libshutdown$$00000007)
    .ARM.Collect$$libshutdown$$0000000A      0x08000192   Section        0  libshutdown2.o(.ARM.Collect$$libshutdown$$0000000A)
    .ARM.Collect$$libshutdown$$0000000C      0x08000192   Section        0  libshutdown2.o(.ARM.Collect$$libshutdown$$0000000C)
    .ARM.Collect$$libshutdown$$0000000F      0x08000192   Section        0  libshutdown2.o(.ARM.Collect$$libshutdown$$0000000F)
    .ARM.Collect$$libshutdown$$00000010      0x08000192   Section        2  libshutdown2.o(.ARM.Collect$$libshutdown$$00000010)
    .ARM.Collect$$rtentry$$00000000          0x08000194   Section        0  __rtentry.o(.ARM.Collect$$rtentry$$00000000)
    .ARM.Collect$$rtentry$$00000002          0x08000194   Section        0  __rtentry2.o(.ARM.Collect$$rtentry$$00000002)
    .ARM.Collect$$rtentry$$00000004          0x08000194   Section        6  __rtentry4.o(.ARM.Collect$$rtentry$$00000004)
    .ARM.Collect$$rtentry$$00000009          0x0800019a   Section        0  __rtentry2.o(.ARM.Collect$$rtentry$$00000009)
    .ARM.Collect$$rtentry$$0000000A          0x0800019a   Section        4  __rtentry2.o(.ARM.Collect$$rtentry$$0000000A)
    .ARM.Collect$$rtentry$$0000000C          0x0800019e   Section        0  __rtentry2.o(.ARM.Collect$$rtentry$$0000000C)
    .ARM.Collect$$rtentry$$0000000D          0x0800019e   Section        8  __rtentry2.o(.ARM.Collect$$rtentry$$0000000D)
    .ARM.Collect$$rtexit$$00000000           0x080001a6   Section        2  rtexit.o(.ARM.Collect$$rtexit$$00000000)
    .ARM.Collect$$rtexit$$00000002           0x080001a8   Section        0  rtexit2.o(.ARM.Collect$$rtexit$$00000002)
    .ARM.Collect$$rtexit$$00000003           0x080001a8   Section        4  rtexit2.o(.ARM.Collect$$rtexit$$00000003)
    .ARM.Collect$$rtexit$$00000004           0x080001ac   Section        6  rtexit2.o(.ARM.Collect$$rtexit$$00000004)
    .text                                    0x080001b4   Section       64  startup_stm32f10x_md.o(.text)
    .text                                    0x080001f4   Section        0  heapauxi.o(.text)
    .text                                    0x080001fa   Section       74  sys_stackheap_outer.o(.text)
    .text                                    0x08000244   Section        0  exit.o(.text)
    .text                                    0x08000258   Section        8  libspace.o(.text)
    .text                                    0x08000260   Section        0  sys_exit.o(.text)
    .text                                    0x0800026c   Section        2  use_no_semi.o(.text)
    .text                                    0x0800026e   Section        0  indicate_semi.o(.text)
    [Anonymous Symbol]                       0x08000270   Section        0  ds18b20.o(.text.Compute_CRC8)
    [Anonymous Symbol]                       0x08000324   Section        0  ds18b20.o(.text.DelayMicro)
    [Anonymous Symbol]                       0x08000354   Section        0  ds18b20.o(.text.GPIO_Init)
    [Anonymous Symbol]                       0x08000378   Section        0  ds18b20.o(.text.Search_ROM)
    SetSysClock                              0x08000579   Thumb Code     8  system_stm32f10x.o(.text.SetSysClock)
    [Anonymous Symbol]                       0x08000578   Section        0  system_stm32f10x.o(.text.SetSysClock)
    SetSysClockTo72                          0x08000581   Thumb Code   290  system_stm32f10x.o(.text.SetSysClockTo72)
    [Anonymous Symbol]                       0x08000580   Section        0  system_stm32f10x.o(.text.SetSysClockTo72)
    SysTick_Config                           0x080006a5   Thumb Code    82  main.o(.text.SysTick_Config)
    [Anonymous Symbol]                       0x080006a4   Section        0  main.o(.text.SysTick_Config)
    [Anonymous Symbol]                       0x080006f8   Section        0  ds18b20.o(.text.SysTick_Handler)
    [Anonymous Symbol]                       0x08000738   Section        0  system_stm32f10x.o(.text.SystemInit)
    [Anonymous Symbol]                       0x080007a0   Section        0  ds18b20.o(.text.WriteTHTL)
    __NVIC_SetPriority                       0x080007b5   Thumb Code    66  main.o(.text.__NVIC_SetPriority)
    [Anonymous Symbol]                       0x080007b4   Section        0  main.o(.text.__NVIC_SetPriority)
    [Anonymous Symbol]                       0x080007f8   Section        0  ds18b20.o(.text.ds18b20_ConvertTemp)
    [Anonymous Symbol]                       0x08000828   Section        0  ds18b20.o(.text.ds18b20_MatchRom)
    [Anonymous Symbol]                       0x08000868   Section        0  ds18b20.o(.text.ds18b20_PortInit)
    [Anonymous Symbol]                       0x0800089c   Section        0  ds18b20.o(.text.ds18b20_ReadBit)
    [Anonymous Symbol]                       0x080008ec   Section        0  ds18b20.o(.text.ds18b20_ReadByte)
    [Anonymous Symbol]                       0x08000934   Section        0  ds18b20.o(.text.ds18b20_ReadStratchpad)
    [Anonymous Symbol]                       0x08000994   Section        0  ds18b20.o(.text.ds18b20_Reset)
    [Anonymous Symbol]                       0x080009e8   Section        0  ds18b20.o(.text.ds18b20_WriteBit)
    [Anonymous Symbol]                       0x08000a2c   Section        0  ds18b20.o(.text.ds18b20_WriteByte)
    [Anonymous Symbol]                       0x08000a70   Section        0  ds18b20.o(.text.enable_pin)
    [Anonymous Symbol]                       0x08000adc   Section        0  main.o(.text.main)
    [Anonymous Symbol]                       0x08000c64   Section        0  ds18b20.o(.text.switch_pin)
    x$fpl$d2f                                0x08000ca8   Section       98  d2f.o(x$fpl$d2f)
    x$fpl$dflt                               0x08000d0a   Section       46  dflt_clz.o(x$fpl$dflt)
    x$fpl$dmul                               0x08000d38   Section      340  dmul.o(x$fpl$dmul)
    x$fpl$dnaninf                            0x08000e8c   Section      156  dnaninf.o(x$fpl$dnaninf)
    x$fpl$dretinf                            0x08000f28   Section       12  dretinf.o(x$fpl$dretinf)
    x$fpl$fretinf                            0x08000f34   Section       10  fretinf.o(x$fpl$fretinf)
    x$fpl$usenofp                            0x08000f3e   Section        0  usenofp.o(x$fpl$usenofp)
    .bss                                     0x20000008   Section       96  libspace.o(.bss)
    Heap_Mem                                 0x200000b0   Data         512  startup_stm32f10x_md.o(HEAP)
    HEAP                                     0x200000b0   Section      512  startup_stm32f10x_md.o(HEAP)
    Stack_Mem                                0x200002b0   Data        1024  startup_stm32f10x_md.o(STACK)
    STACK                                    0x200002b0   Section     1024  startup_stm32f10x_md.o(STACK)
    __initial_sp                             0x200006b0   Data           0  startup_stm32f10x_md.o(STACK)

    Global Symbols

    Symbol Name                              Value     Ov Type        Size  Object(Section)

    BuildAttributes$$THM_ISAv4$P$D$K$B$S$PE$A:L22UL41UL21$X:L11$S22US41US21$IEEE1$IW$~IW$USESV6$~STKCKD$USESV7$~SHL$OSPACE$ROPI$EBA8$UX$STANDARDLIB$REQ8$PRES8$EABIv2 0x00000000   Number         0  anon$$obj.o ABSOLUTE
    __fp_init_empty                          0x00000000   Number         0  fpinit_empty.o ABSOLUTE
    __ARM_exceptions_init                     - Undefined Weak Reference
    __alloca_initialize                       - Undefined Weak Reference
    __arm_preinit_                            - Undefined Weak Reference
    __arm_relocate_pie_                       - Undefined Weak Reference
    __cpp_initialize__aeabi_                  - Undefined Weak Reference
    __cxa_finalize                            - Undefined Weak Reference
    __rt_locale                               - Undefined Weak Reference
    __sigvec_lookup                           - Undefined Weak Reference
    _atexit_init                              - Undefined Weak Reference
    _call_atexit_fns                          - Undefined Weak Reference
    _clock_init                               - Undefined Weak Reference
    _fp_trap_init                             - Undefined Weak Reference
    _fp_trap_shutdown                         - Undefined Weak Reference
    _get_lc_collate                           - Undefined Weak Reference
    _get_lc_ctype                             - Undefined Weak Reference
    _get_lc_monetary                          - Undefined Weak Reference
    _get_lc_numeric                           - Undefined Weak Reference
    _get_lc_time                              - Undefined Weak Reference
    _getenv_init                              - Undefined Weak Reference
    _handle_redirection                       - Undefined Weak Reference
    _init_alloc                               - Undefined Weak Reference
    _init_user_alloc                          - Undefined Weak Reference
    _initio                                   - Undefined Weak Reference
    _rand_init                                - Undefined Weak Reference
    _signal_finish                            - Undefined Weak Reference
    _signal_init                              - Undefined Weak Reference
    _terminate_alloc                          - Undefined Weak Reference
    _terminate_user_alloc                     - Undefined Weak Reference
    _terminateio                              - Undefined Weak Reference
    __Vectors_Size                           0x000000ec   Number         0  startup_stm32f10x_md.o ABSOLUTE
    __Vectors                                0x08000000   Data           4  startup_stm32f10x_md.o(RESET)
    __Vectors_End                            0x080000ec   Data           0  startup_stm32f10x_md.o(RESET)
    __main                                   0x080000ed   Thumb Code     8  __main.o(!!!main)
    __scatterload                            0x080000f5   Thumb Code     0  __scatter.o(!!!scatter)
    __scatterload_rt2                        0x080000f5   Thumb Code    84  __scatter.o(!!!scatter)
    __scatterload_rt2_thumb_only             0x080000f5   Thumb Code     0  __scatter.o(!!!scatter)
    __scatterload_loop                       0x080000ff   Thumb Code     0  __scatter.o(!!!scatter)
    __scatterload_copy                       0x08000151   Thumb Code    26  __scatter_copy.o(!!handler_copy)
    __scatterload_null                       0x0800016d   Thumb Code     2  __scatter.o(!!handler_null)
    __scatterload_zeroinit                   0x08000171   Thumb Code    28  __scatter_zi.o(!!handler_zi)
    __rt_lib_init                            0x0800018d   Thumb Code     0  libinit.o(.ARM.Collect$$libinit$$00000000)
    __rt_lib_init_alloca_1                   0x0800018f   Thumb Code     0  libinit2.o(.ARM.Collect$$libinit$$00000030)
    __rt_lib_init_argv_1                     0x0800018f   Thumb Code     0  libinit2.o(.ARM.Collect$$libinit$$0000002E)
    __rt_lib_init_atexit_1                   0x0800018f   Thumb Code     0  libinit2.o(.ARM.Collect$$libinit$$0000001D)
    __rt_lib_init_clock_1                    0x0800018f   Thumb Code     0  libinit2.o(.ARM.Collect$$libinit$$00000023)
    __rt_lib_init_cpp_1                      0x0800018f   Thumb Code     0  libinit2.o(.ARM.Collect$$libinit$$00000034)
    __rt_lib_init_exceptions_1               0x0800018f   Thumb Code     0  libinit2.o(.ARM.Collect$$libinit$$00000032)
    __rt_lib_init_fp_1                       0x0800018f   Thumb Code     0  libinit2.o(.ARM.Collect$$libinit$$00000002)
    __rt_lib_init_fp_trap_1                  0x0800018f   Thumb Code     0  libinit2.o(.ARM.Collect$$libinit$$00000021)
    __rt_lib_init_getenv_1                   0x0800018f   Thumb Code     0  libinit2.o(.ARM.Collect$$libinit$$00000025)
    __rt_lib_init_heap_1                     0x0800018f   Thumb Code     0  libinit2.o(.ARM.Collect$$libinit$$0000000C)
    __rt_lib_init_lc_collate_1               0x0800018f   Thumb Code     0  libinit2.o(.ARM.Collect$$libinit$$00000013)
    __rt_lib_init_lc_ctype_1                 0x0800018f   Thumb Code     0  libinit2.o(.ARM.Collect$$libinit$$00000015)
    __rt_lib_init_lc_monetary_1              0x0800018f   Thumb Code     0  libinit2.o(.ARM.Collect$$libinit$$00000017)
    __rt_lib_init_lc_numeric_1               0x0800018f   Thumb Code     0  libinit2.o(.ARM.Collect$$libinit$$00000019)
    __rt_lib_init_lc_time_1                  0x0800018f   Thumb Code     0  libinit2.o(.ARM.Collect$$libinit$$0000001B)
    __rt_lib_init_preinit_1                  0x0800018f   Thumb Code     0  libinit2.o(.ARM.Collect$$libinit$$00000006)
    __rt_lib_init_rand_1                     0x0800018f   Thumb Code     0  libinit2.o(.ARM.Collect$$libinit$$00000010)
    __rt_lib_init_relocate_pie_1             0x0800018f   Thumb Code     0  libinit2.o(.ARM.Collect$$libinit$$00000004)
    __rt_lib_init_return                     0x0800018f   Thumb Code     0  libinit2.o(.ARM.Collect$$libinit$$00000035)
    __rt_lib_init_signal_1                   0x0800018f   Thumb Code     0  libinit2.o(.ARM.Collect$$libinit$$0000001F)
    __rt_lib_init_stdio_1                    0x0800018f   Thumb Code     0  libinit2.o(.ARM.Collect$$libinit$$00000027)
    __rt_lib_init_user_alloc_1               0x0800018f   Thumb Code     0  libinit2.o(.ARM.Collect$$libinit$$0000000E)
    __rt_lib_shutdown                        0x08000191   Thumb Code     0  libshutdown.o(.ARM.Collect$$libshutdown$$00000000)
    __rt_lib_shutdown_cpp_1                  0x08000193   Thumb Code     0  libshutdown2.o(.ARM.Collect$$libshutdown$$00000002)
    __rt_lib_shutdown_fp_trap_1              0x08000193   Thumb Code     0  libshutdown2.o(.ARM.Collect$$libshutdown$$00000007)
    __rt_lib_shutdown_heap_1                 0x08000193   Thumb Code     0  libshutdown2.o(.ARM.Collect$$libshutdown$$0000000F)
    __rt_lib_shutdown_return                 0x08000193   Thumb Code     0  libshutdown2.o(.ARM.Collect$$libshutdown$$00000010)
    __rt_lib_shutdown_signal_1               0x08000193   Thumb Code     0  libshutdown2.o(.ARM.Collect$$libshutdown$$0000000A)
    __rt_lib_shutdown_stdio_1                0x08000193   Thumb Code     0  libshutdown2.o(.ARM.Collect$$libshutdown$$00000004)
    __rt_lib_shutdown_user_alloc_1           0x08000193   Thumb Code     0  libshutdown2.o(.ARM.Collect$$libshutdown$$0000000C)
    __rt_entry                               0x08000195   Thumb Code     0  __rtentry.o(.ARM.Collect$$rtentry$$00000000)
    __rt_entry_presh_1                       0x08000195   Thumb Code     0  __rtentry2.o(.ARM.Collect$$rtentry$$00000002)
    __rt_entry_sh                            0x08000195   Thumb Code     0  __rtentry4.o(.ARM.Collect$$rtentry$$00000004)
    __rt_entry_li                            0x0800019b   Thumb Code     0  __rtentry2.o(.ARM.Collect$$rtentry$$0000000A)
    __rt_entry_postsh_1                      0x0800019b   Thumb Code     0  __rtentry2.o(.ARM.Collect$$rtentry$$00000009)
    __rt_entry_main                          0x0800019f   Thumb Code     0  __rtentry2.o(.ARM.Collect$$rtentry$$0000000D)
    __rt_entry_postli_1                      0x0800019f   Thumb Code     0  __rtentry2.o(.ARM.Collect$$rtentry$$0000000C)
    __rt_exit                                0x080001a7   Thumb Code     0  rtexit.o(.ARM.Collect$$rtexit$$00000000)
    __rt_exit_ls                             0x080001a9   Thumb Code     0  rtexit2.o(.ARM.Collect$$rtexit$$00000003)
    __rt_exit_prels_1                        0x080001a9   Thumb Code     0  rtexit2.o(.ARM.Collect$$rtexit$$00000002)
    __rt_exit_exit                           0x080001ad   Thumb Code     0  rtexit2.o(.ARM.Collect$$rtexit$$00000004)
    Reset_Handler                            0x080001b5   Thumb Code     8  startup_stm32f10x_md.o(.text)
    NMI_Handler                              0x080001bd   Thumb Code     2  startup_stm32f10x_md.o(.text)
    HardFault_Handler                        0x080001bf   Thumb Code     2  startup_stm32f10x_md.o(.text)
    MemManage_Handler                        0x080001c1   Thumb Code     2  startup_stm32f10x_md.o(.text)
    BusFault_Handler                         0x080001c3   Thumb Code     2  startup_stm32f10x_md.o(.text)
    UsageFault_Handler                       0x080001c5   Thumb Code     2  startup_stm32f10x_md.o(.text)
    SVC_Handler                              0x080001c7   Thumb Code     2  startup_stm32f10x_md.o(.text)
    DebugMon_Handler                         0x080001c9   Thumb Code     2  startup_stm32f10x_md.o(.text)
    PendSV_Handler                           0x080001cb   Thumb Code     2  startup_stm32f10x_md.o(.text)
    ADC1_2_IRQHandler                        0x080001cf   Thumb Code     0  startup_stm32f10x_md.o(.text)
    CAN1_RX1_IRQHandler                      0x080001cf   Thumb Code     0  startup_stm32f10x_md.o(.text)
    CAN1_SCE_IRQHandler                      0x080001cf   Thumb Code     0  startup_stm32f10x_md.o(.text)
    DMA1_Channel1_IRQHandler                 0x080001cf   Thumb Code     0  startup_stm32f10x_md.o(.text)
    DMA1_Channel2_IRQHandler                 0x080001cf   Thumb Code     0  startup_stm32f10x_md.o(.text)
    DMA1_Channel3_IRQHandler                 0x080001cf   Thumb Code     0  startup_stm32f10x_md.o(.text)
    DMA1_Channel4_IRQHandler                 0x080001cf   Thumb Code     0  startup_stm32f10x_md.o(.text)
    DMA1_Channel5_IRQHandler                 0x080001cf   Thumb Code     0  startup_stm32f10x_md.o(.text)
    DMA1_Channel6_IRQHandler                 0x080001cf   Thumb Code     0  startup_stm32f10x_md.o(.text)
    DMA1_Channel7_IRQHandler                 0x080001cf   Thumb Code     0  startup_stm32f10x_md.o(.text)
    EXTI0_IRQHandler                         0x080001cf   Thumb Code     0  startup_stm32f10x_md.o(.text)
    EXTI15_10_IRQHandler                     0x080001cf   Thumb Code     0  startup_stm32f10x_md.o(.text)
    EXTI1_IRQHandler                         0x080001cf   Thumb Code     0  startup_stm32f10x_md.o(.text)
    EXTI2_IRQHandler                         0x080001cf   Thumb Code     0  startup_stm32f10x_md.o(.text)
    EXTI3_IRQHandler                         0x080001cf   Thumb Code     0  startup_stm32f10x_md.o(.text)
    EXTI4_IRQHandler                         0x080001cf   Thumb Code     0  startup_stm32f10x_md.o(.text)
    EXTI9_5_IRQHandler                       0x080001cf   Thumb Code     0  startup_stm32f10x_md.o(.text)
    FLASH_IRQHandler                         0x080001cf   Thumb Code     0  startup_stm32f10x_md.o(.text)
    I2C1_ER_IRQHandler                       0x080001cf   Thumb Code     0  startup_stm32f10x_md.o(.text)
    I2C1_EV_IRQHandler                       0x080001cf   Thumb Code     0  startup_stm32f10x_md.o(.text)
    I2C2_ER_IRQHandler                       0x080001cf   Thumb Code     0  startup_stm32f10x_md.o(.text)
    I2C2_EV_IRQHandler                       0x080001cf   Thumb Code     0  startup_stm32f10x_md.o(.text)
    PVD_IRQHandler                           0x080001cf   Thumb Code     0  startup_stm32f10x_md.o(.text)
    RCC_IRQHandler                           0x080001cf   Thumb Code     0  startup_stm32f10x_md.o(.text)
    RTCAlarm_IRQHandler                      0x080001cf   Thumb Code     0  startup_stm32f10x_md.o(.text)
    RTC_IRQHandler                           0x080001cf   Thumb Code     0  startup_stm32f10x_md.o(.text)
    SPI1_IRQHandler                          0x080001cf   Thumb Code     0  startup_stm32f10x_md.o(.text)
    SPI2_IRQHandler                          0x080001cf   Thumb Code     0  startup_stm32f10x_md.o(.text)
    TAMPER_IRQHandler                        0x080001cf   Thumb Code     0  startup_stm32f10x_md.o(.text)
    TIM1_BRK_IRQHandler                      0x080001cf   Thumb Code     0  startup_stm32f10x_md.o(.text)
    TIM1_CC_IRQHandler                       0x080001cf   Thumb Code     0  startup_stm32f10x_md.o(.text)
    TIM1_TRG_COM_IRQHandler                  0x080001cf   Thumb Code     0  startup_stm32f10x_md.o(.text)
    TIM1_UP_IRQHandler                       0x080001cf   Thumb Code     0  startup_stm32f10x_md.o(.text)
    TIM2_IRQHandler                          0x080001cf   Thumb Code     0  startup_stm32f10x_md.o(.text)
    TIM3_IRQHandler                          0x080001cf   Thumb Code     0  startup_stm32f10x_md.o(.text)
    TIM4_IRQHandler                          0x080001cf   Thumb Code     0  startup_stm32f10x_md.o(.text)
    USART1_IRQHandler                        0x080001cf   Thumb Code     0  startup_stm32f10x_md.o(.text)
    USART2_IRQHandler                        0x080001cf   Thumb Code     0  startup_stm32f10x_md.o(.text)
    USART3_IRQHandler                        0x080001cf   Thumb Code     0  startup_stm32f10x_md.o(.text)
    USBWakeUp_IRQHandler                     0x080001cf   Thumb Code     0  startup_stm32f10x_md.o(.text)
    USB_HP_CAN1_TX_IRQHandler                0x080001cf   Thumb Code     0  startup_stm32f10x_md.o(.text)
    USB_LP_CAN1_RX0_IRQHandler               0x080001cf   Thumb Code     0  startup_stm32f10x_md.o(.text)
    WWDG_IRQHandler                          0x080001cf   Thumb Code     0  startup_stm32f10x_md.o(.text)
    __user_initial_stackheap                 0x080001d1   Thumb Code     0  startup_stm32f10x_md.o(.text)
    __use_two_region_memory                  0x080001f5   Thumb Code     2  heapauxi.o(.text)
    __rt_heap_escrow$2region                 0x080001f7   Thumb Code     2  heapauxi.o(.text)
    __rt_heap_expand$2region                 0x080001f9   Thumb Code     2  heapauxi.o(.text)
    __user_setup_stackheap                   0x080001fb   Thumb Code    74  sys_stackheap_outer.o(.text)
    exit                                     0x08000245   Thumb Code    18  exit.o(.text)
    __user_libspace                          0x08000259   Thumb Code     8  libspace.o(.text)
    __user_perproc_libspace                  0x08000259   Thumb Code     0  libspace.o(.text)
    __user_perthread_libspace                0x08000259   Thumb Code     0  libspace.o(.text)
    _sys_exit                                0x08000261   Thumb Code     8  sys_exit.o(.text)
    __I$use$semihosting                      0x0800026d   Thumb Code     0  use_no_semi.o(.text)
    __use_no_semihosting_swi                 0x0800026d   Thumb Code     2  use_no_semi.o(.text)
    __semihosting_library_function           0x0800026f   Thumb Code     0  indicate_semi.o(.text)
    Compute_CRC8                             0x08000271   Thumb Code   178  ds18b20.o(.text.Compute_CRC8)
    DelayMicro                               0x08000325   Thumb Code    48  ds18b20.o(.text.DelayMicro)
    GPIO_Init                                0x08000355   Thumb Code    34  ds18b20.o(.text.GPIO_Init)
    Search_ROM                               0x08000379   Thumb Code   510  ds18b20.o(.text.Search_ROM)
    SysTick_Handler                          0x080006f9   Thumb Code    64  ds18b20.o(.text.SysTick_Handler)
    SystemInit                               0x08000739   Thumb Code   102  system_stm32f10x.o(.text.SystemInit)
    WriteTHTL                                0x080007a1   Thumb Code    20  ds18b20.o(.text.WriteTHTL)
    ds18b20_ConvertTemp                      0x080007f9   Thumb Code    48  ds18b20.o(.text.ds18b20_ConvertTemp)
    ds18b20_MatchRom                         0x08000829   Thumb Code    64  ds18b20.o(.text.ds18b20_MatchRom)
    ds18b20_PortInit                         0x08000869   Thumb Code    50  ds18b20.o(.text.ds18b20_PortInit)
    ds18b20_ReadBit                          0x0800089d   Thumb Code    78  ds18b20.o(.text.ds18b20_ReadBit)
    ds18b20_ReadByte                         0x080008ed   Thumb Code    70  ds18b20.o(.text.ds18b20_ReadByte)
    ds18b20_ReadStratchpad                   0x08000935   Thumb Code    94  ds18b20.o(.text.ds18b20_ReadStratchpad)
    ds18b20_Reset                            0x08000995   Thumb Code    82  ds18b20.o(.text.ds18b20_Reset)
    ds18b20_WriteBit                         0x080009e9   Thumb Code    68  ds18b20.o(.text.ds18b20_WriteBit)
    ds18b20_WriteByte                        0x08000a2d   Thumb Code    68  ds18b20.o(.text.ds18b20_WriteByte)
    enable_pin                               0x08000a71   Thumb Code   106  ds18b20.o(.text.enable_pin)
    main                                     0x08000add   Thumb Code   390  main.o(.text.main)
    switch_pin                               0x08000c65   Thumb Code    68  ds18b20.o(.text.switch_pin)
    __aeabi_d2f                              0x08000ca9   Thumb Code     0  d2f.o(x$fpl$d2f)
    _d2f                                     0x08000ca9   Thumb Code    98  d2f.o(x$fpl$d2f)
    __aeabi_i2d                              0x08000d0b   Thumb Code     0  dflt_clz.o(x$fpl$dflt)
    _dflt                                    0x08000d0b   Thumb Code    46  dflt_clz.o(x$fpl$dflt)
    __aeabi_dmul                             0x08000d39   Thumb Code     0  dmul.o(x$fpl$dmul)
    _dmul                                    0x08000d39   Thumb Code   332  dmul.o(x$fpl$dmul)
    __fpl_dnaninf                            0x08000e8d   Thumb Code   156  dnaninf.o(x$fpl$dnaninf)
    __fpl_dretinf                            0x08000f29   Thumb Code    12  dretinf.o(x$fpl$dretinf)
    __fpl_fretinf                            0x08000f35   Thumb Code    10  fretinf.o(x$fpl$fretinf)
    __I$use$fp                               0x08000f3e   Number         0  usenofp.o(x$fpl$usenofp)
    Region$$Table$$Base                      0x08000f40   Number         0  anon$$obj.o(Region$$Table)
    Region$$Table$$Limit                     0x08000f60   Number         0  anon$$obj.o(Region$$Table)
    LED_pin                                  0x20000000   Data           4  ds18b20.o(.data.LED_pin)
    SystemCoreClock                          0x20000004   Data           4  system_stm32f10x.o(.data.SystemCoreClock)
    __libspace_start                         0x20000008   Data          96  libspace.o(.bss)
    __temporary_stack_top$libspace           0x20000068   Data           0  libspace.o(.bss)
    msTicks                                  0x20000068   Data           4  ds18b20.o(.bss.msTicks)
    sensors                                  0x2000006c   Data          64  main.o(.bss.sensors)



==============================================================================

Memory Map of the image

  Image Entry point : 0x080001b5

  Load Region LR_1 (Base: 0x08000000, Size: 0x00000f68, Max: 0xffffffff, ABSOLUTE)

    Execution Region ER_RO (Exec base: 0x08000000, Load base: 0x08000000, Size: 0x00000f60, Max: 0xffffffff, ABSOLUTE)

    Exec Addr    Load Addr    Size         Type   Attr      Idx    E Section Name        Object

    0x08000000   0x08000000   0x000000ec   Data   RO          126    RESET               startup_stm32f10x_md.o
    0x080000ec   0x080000ec   0x00000008   Code   RO          154  * !!!main             c_w.l(__main.o)
    0x080000f4   0x080000f4   0x0000005c   Code   RO          336    !!!scatter          c_w.l(__scatter.o)
    0x08000150   0x08000150   0x0000001a   Code   RO          340    !!handler_copy      c_w.l(__scatter_copy.o)
    0x0800016a   0x0800016a   0x00000002   PAD
    0x0800016c   0x0800016c   0x00000002   Code   RO          337    !!handler_null      c_w.l(__scatter.o)
    0x0800016e   0x0800016e   0x00000002   PAD
    0x08000170   0x08000170   0x0000001c   Code   RO          342    !!handler_zi        c_w.l(__scatter_zi.o)
    0x0800018c   0x0800018c   0x00000002   Code   RO          198    .ARM.Collect$$libinit$$00000000  c_w.l(libinit.o)
    0x0800018e   0x0800018e   0x00000000   Code   RO          205    .ARM.Collect$$libinit$$00000002  c_w.l(libinit2.o)
    0x0800018e   0x0800018e   0x00000000   Code   RO          207    .ARM.Collect$$libinit$$00000004  c_w.l(libinit2.o)
    0x0800018e   0x0800018e   0x00000000   Code   RO          209    .ARM.Collect$$libinit$$00000006  c_w.l(libinit2.o)
    0x0800018e   0x0800018e   0x00000000   Code   RO          212    .ARM.Collect$$libinit$$0000000C  c_w.l(libinit2.o)
    0x0800018e   0x0800018e   0x00000000   Code   RO          214    .ARM.Collect$$libinit$$0000000E  c_w.l(libinit2.o)
    0x0800018e   0x0800018e   0x00000000   Code   RO          216    .ARM.Collect$$libinit$$00000010  c_w.l(libinit2.o)
    0x0800018e   0x0800018e   0x00000000   Code   RO          219    .ARM.Collect$$libinit$$00000013  c_w.l(libinit2.o)
    0x0800018e   0x0800018e   0x00000000   Code   RO          221    .ARM.Collect$$libinit$$00000015  c_w.l(libinit2.o)
    0x0800018e   0x0800018e   0x00000000   Code   RO          223    .ARM.Collect$$libinit$$00000017  c_w.l(libinit2.o)
    0x0800018e   0x0800018e   0x00000000   Code   RO          225    .ARM.Collect$$libinit$$00000019  c_w.l(libinit2.o)
    0x0800018e   0x0800018e   0x00000000   Code   RO          227    .ARM.Collect$$libinit$$0000001B  c_w.l(libinit2.o)
    0x0800018e   0x0800018e   0x00000000   Code   RO          229    .ARM.Collect$$libinit$$0000001D  c_w.l(libinit2.o)
    0x0800018e   0x0800018e   0x00000000   Code   RO          231    .ARM.Collect$$libinit$$0000001F  c_w.l(libinit2.o)
    0x0800018e   0x0800018e   0x00000000   Code   RO          233    .ARM.Collect$$libinit$$00000021  c_w.l(libinit2.o)
    0x0800018e   0x0800018e   0x00000000   Code   RO          235    .ARM.Collect$$libinit$$00000023  c_w.l(libinit2.o)
    0x0800018e   0x0800018e   0x00000000   Code   RO          237    .ARM.Collect$$libinit$$00000025  c_w.l(libinit2.o)
    0x0800018e   0x0800018e   0x00000000   Code   RO          239    .ARM.Collect$$libinit$$00000027  c_w.l(libinit2.o)
    0x0800018e   0x0800018e   0x00000000   Code   RO          243    .ARM.Collect$$libinit$$0000002E  c_w.l(libinit2.o)
    0x0800018e   0x0800018e   0x00000000   Code   RO          245    .ARM.Collect$$libinit$$00000030  c_w.l(libinit2.o)
    0x0800018e   0x0800018e   0x00000000   Code   RO          247    .ARM.Collect$$libinit$$00000032  c_w.l(libinit2.o)
    0x0800018e   0x0800018e   0x00000000   Code   RO          249    .ARM.Collect$$libinit$$00000034  c_w.l(libinit2.o)
    0x0800018e   0x0800018e   0x00000002   Code   RO          250    .ARM.Collect$$libinit$$00000035  c_w.l(libinit2.o)
    0x08000190   0x08000190   0x00000002   Code   RO          272    .ARM.Collect$$libshutdown$$00000000  c_w.l(libshutdown.o)
    0x08000192   0x08000192   0x00000000   Code   RO          287    .ARM.Collect$$libshutdown$$00000002  c_w.l(libshutdown2.o)
    0x08000192   0x08000192   0x00000000   Code   RO          289    .ARM.Collect$$libshutdown$$00000004  c_w.l(libshutdown2.o)
    0x08000192   0x08000192   0x00000000   Code   RO          292    .ARM.Collect$$libshutdown$$00000007  c_w.l(libshutdown2.o)
    0x08000192   0x08000192   0x00000000   Code   RO          295    .ARM.Collect$$libshutdown$$0000000A  c_w.l(libshutdown2.o)
    0x08000192   0x08000192   0x00000000   Code   RO          297    .ARM.Collect$$libshutdown$$0000000C  c_w.l(libshutdown2.o)
    0x08000192   0x08000192   0x00000000   Code   RO          300    .ARM.Collect$$libshutdown$$0000000F  c_w.l(libshutdown2.o)
    0x08000192   0x08000192   0x00000002   Code   RO          301    .ARM.Collect$$libshutdown$$00000010  c_w.l(libshutdown2.o)
    0x08000194   0x08000194   0x00000000   Code   RO          166    .ARM.Collect$$rtentry$$00000000  c_w.l(__rtentry.o)
    0x08000194   0x08000194   0x00000000   Code   RO          175    .ARM.Collect$$rtentry$$00000002  c_w.l(__rtentry2.o)
    0x08000194   0x08000194   0x00000006   Code   RO          187    .ARM.Collect$$rtentry$$00000004  c_w.l(__rtentry4.o)
    0x0800019a   0x0800019a   0x00000000   Code   RO          177    .ARM.Collect$$rtentry$$00000009  c_w.l(__rtentry2.o)
    0x0800019a   0x0800019a   0x00000004   Code   RO          178    .ARM.Collect$$rtentry$$0000000A  c_w.l(__rtentry2.o)
    0x0800019e   0x0800019e   0x00000000   Code   RO          180    .ARM.Collect$$rtentry$$0000000C  c_w.l(__rtentry2.o)
    0x0800019e   0x0800019e   0x00000008   Code   RO          181    .ARM.Collect$$rtentry$$0000000D  c_w.l(__rtentry2.o)
    0x080001a6   0x080001a6   0x00000002   Code   RO          202    .ARM.Collect$$rtexit$$00000000  c_w.l(rtexit.o)
    0x080001a8   0x080001a8   0x00000000   Code   RO          252    .ARM.Collect$$rtexit$$00000002  c_w.l(rtexit2.o)
    0x080001a8   0x080001a8   0x00000004   Code   RO          253    .ARM.Collect$$rtexit$$00000003  c_w.l(rtexit2.o)
    0x080001ac   0x080001ac   0x00000006   Code   RO          254    .ARM.Collect$$rtexit$$00000004  c_w.l(rtexit2.o)
    0x080001b2   0x080001b2   0x00000002   PAD
    0x080001b4   0x080001b4   0x00000040   Code   RO          127  * .text               startup_stm32f10x_md.o
    0x080001f4   0x080001f4   0x00000006   Code   RO          152    .text               c_w.l(heapauxi.o)
    0x080001fa   0x080001fa   0x0000004a   Code   RO          189    .text               c_w.l(sys_stackheap_outer.o)
    0x08000244   0x08000244   0x00000012   Code   RO          191    .text               c_w.l(exit.o)
    0x08000256   0x08000256   0x00000002   PAD
    0x08000258   0x08000258   0x00000008   Code   RO          199    .text               c_w.l(libspace.o)
    0x08000260   0x08000260   0x0000000c   Code   RO          262    .text               c_w.l(sys_exit.o)
    0x0800026c   0x0800026c   0x00000002   Code   RO          277    .text               c_w.l(use_no_semi.o)
    0x0800026e   0x0800026e   0x00000000   Code   RO          279    .text               c_w.l(indicate_semi.o)
    0x0800026e   0x0800026e   0x00000002   PAD
    0x08000270   0x08000270   0x000000b2   Code   RO           30    .text.Compute_CRC8  ds18b20.o
    0x08000322   0x08000322   0x00000002   PAD
    0x08000324   0x08000324   0x00000030   Code   RO            6    .text.DelayMicro    ds18b20.o
    0x08000354   0x08000354   0x00000022   Code   RO           46    .text.GPIO_Init     ds18b20.o
    0x08000376   0x08000376   0x00000002   PAD
    0x08000378   0x08000378   0x000001fe   Code   RO           32    .text.Search_ROM    ds18b20.o
    0x08000576   0x08000576   0x00000002   PAD
    0x08000578   0x08000578   0x00000008   Code   RO          136    .text.SetSysClock   system_stm32f10x.o
    0x08000580   0x08000580   0x00000122   Code   RO          140    .text.SetSysClockTo72  system_stm32f10x.o
    0x080006a2   0x080006a2   0x00000002   PAD
    0x080006a4   0x080006a4   0x00000052   Code   RO           62    .text.SysTick_Config  main.o
    0x080006f6   0x080006f6   0x00000002   PAD
    0x080006f8   0x080006f8   0x00000040   Code   RO            2    .text.SysTick_Handler  ds18b20.o
    0x08000738   0x08000738   0x00000066   Code   RO          134    .text.SystemInit    system_stm32f10x.o
    0x0800079e   0x0800079e   0x00000002   PAD
    0x080007a0   0x080007a0   0x00000014   Code   RO           34    .text.WriteTHTL     ds18b20.o
    0x080007b4   0x080007b4   0x00000042   Code   RO           64    .text.__NVIC_SetPriority  main.o
    0x080007f6   0x080007f6   0x00000002   PAD
    0x080007f8   0x080007f8   0x00000030   Code   RO           24    .text.ds18b20_ConvertTemp  ds18b20.o
    0x08000828   0x08000828   0x00000040   Code   RO           20    .text.ds18b20_MatchRom  ds18b20.o
    0x08000868   0x08000868   0x00000032   Code   RO            8    .text.ds18b20_PortInit  ds18b20.o
    0x0800089a   0x0800089a   0x00000002   PAD
    0x0800089c   0x0800089c   0x0000004e   Code   RO           12    .text.ds18b20_ReadBit  ds18b20.o
    0x080008ea   0x080008ea   0x00000002   PAD
    0x080008ec   0x080008ec   0x00000046   Code   RO           14    .text.ds18b20_ReadByte  ds18b20.o
    0x08000932   0x08000932   0x00000002   PAD
    0x08000934   0x08000934   0x0000005e   Code   RO           26    .text.ds18b20_ReadStratchpad  ds18b20.o
    0x08000992   0x08000992   0x00000002   PAD
    0x08000994   0x08000994   0x00000052   Code   RO           10    .text.ds18b20_Reset  ds18b20.o
    0x080009e6   0x080009e6   0x00000002   PAD
    0x080009e8   0x080009e8   0x00000044   Code   RO           16    .text.ds18b20_WriteBit  ds18b20.o
    0x08000a2c   0x08000a2c   0x00000044   Code   RO           18    .text.ds18b20_WriteByte  ds18b20.o
    0x08000a70   0x08000a70   0x0000006a   Code   RO           44    .text.enable_pin    ds18b20.o
    0x08000ada   0x08000ada   0x00000002   PAD
    0x08000adc   0x08000adc   0x00000186   Code   RO           60    .text.main          main.o
    0x08000c62   0x08000c62   0x00000002   PAD
    0x08000c64   0x08000c64   0x00000044   Code   RO            4    .text.switch_pin    ds18b20.o
    0x08000ca8   0x08000ca8   0x00000062   Code   RO          156    x$fpl$d2f           fz_ws.l(d2f.o)
    0x08000d0a   0x08000d0a   0x0000002e   Code   RO          159    x$fpl$dflt          fz_ws.l(dflt_clz.o)
    0x08000d38   0x08000d38   0x00000154   Code   RO          164    x$fpl$dmul          fz_ws.l(dmul.o)
    0x08000e8c   0x08000e8c   0x0000009c   Code   RO          167    x$fpl$dnaninf       fz_ws.l(dnaninf.o)
    0x08000f28   0x08000f28   0x0000000c   Code   RO          169    x$fpl$dretinf       fz_ws.l(dretinf.o)
    0x08000f34   0x08000f34   0x0000000a   Code   RO          171    x$fpl$fretinf       fz_ws.l(fretinf.o)
    0x08000f3e   0x08000f3e   0x00000000   Code   RO          173    x$fpl$usenofp       fz_ws.l(usenofp.o)
    0x08000f3e   0x08000f3e   0x00000002   PAD
    0x08000f40   0x08000f40   0x00000020   Data   RO          335    Region$$Table       anon$$obj.o


    Execution Region ER_RW (Exec base: 0x20000000, Load base: 0x08000f60, Size: 0x00000008, Max: 0xffffffff, ABSOLUTE)

    Exec Addr    Load Addr    Size         Type   Attr      Idx    E Section Name        Object

    0x20000000   0x08000f60   0x00000004   Data   RW           48    .data.LED_pin       ds18b20.o
    0x20000004   0x08000f64   0x00000004   Data   RW          142    .data.SystemCoreClock  system_stm32f10x.o


    Execution Region ER_ZI (Exec base: 0x20000008, Load base: 0x08000f68, Size: 0x000006a8, Max: 0xffffffff, ABSOLUTE)

    Exec Addr    Load Addr    Size         Type   Attr      Idx    E Section Name        Object

    0x20000008        -       0x00000060   Zero   RW          200    .bss                c_w.l(libspace.o)
    0x20000068        -       0x00000004   Zero   RW           49    .bss.msTicks        ds18b20.o
    0x2000006c        -       0x00000040   Zero   RW           66    .bss.sensors        main.o
    0x200000ac   0x08000f68   0x00000004   PAD
    0x200000b0        -       0x00000200   Zero   RW          125    HEAP                startup_stm32f10x_md.o
    0x200002b0        -       0x00000400   Zero   RW          124    STACK               startup_stm32f10x_md.o


==============================================================================

Image component sizes


      Code (inc. data)   RO Data    RW Data    ZI Data      Debug   Object Name

      1650          0          0          4          4       6395   ds18b20.o
       538          0          0          0         64       4491   main.o
        64         26        236          0       1536        820   startup_stm32f10x_md.o
       400          0          0          4          0       2974   system_stm32f10x.o

    ----------------------------------------------------------------------
      2680         26        268          8       1608      14680   Object Totals
         0          0         32          0          0          0   (incl. Generated)
        28          0          0          0          4          0   (incl. Padding)

    ----------------------------------------------------------------------

      Code (inc. data)   RO Data    RW Data    ZI Data      Debug   Library Member Name

         8          0          0          0          0         68   __main.o
         0          0          0          0          0          0   __rtentry.o
        12          0          0          0          0          0   __rtentry2.o
         6          0          0          0          0          0   __rtentry4.o
        94          8          0          0          0          0   __scatter.o
        26          0          0          0          0          0   __scatter_copy.o
        28          0          0          0          0          0   __scatter_zi.o
        18          0          0          0          0         80   exit.o
         6          0          0          0          0        152   heapauxi.o
         0          0          0          0          0          0   indicate_semi.o
         2          0          0          0          0          0   libinit.o
         2          0          0          0          0          0   libinit2.o
         2          0          0          0          0          0   libshutdown.o
         2          0          0          0          0          0   libshutdown2.o
         8          4          0          0         96         68   libspace.o
         2          0          0          0          0          0   rtexit.o
        10          0          0          0          0          0   rtexit2.o
        12          4          0          0          0         68   sys_exit.o
        74          0          0          0          0         80   sys_stackheap_outer.o
         2          0          0          0          0         68   use_no_semi.o
        98          4          0          0          0         92   d2f.o
        46          0          0          0          0         68   dflt_clz.o
       340         12          0          0          0        104   dmul.o
       156          4          0          0          0         92   dnaninf.o
        12          0          0          0          0         68   dretinf.o
        10          0          0          0          0         68   fretinf.o
         0          0          0          0          0          0   usenofp.o

    ----------------------------------------------------------------------
       988         36          0          0         96       1076   Library Totals
        12          0          0          0          0          0   (incl. Padding)

    ----------------------------------------------------------------------

      Code (inc. data)   RO Data    RW Data    ZI Data      Debug   Library Name

       314         16          0          0         96        584   c_w.l
       662         20          0          0          0        492   fz_ws.l

    ----------------------------------------------------------------------
       988         36          0          0         96       1076   Library Totals

    ----------------------------------------------------------------------

==============================================================================


      Code (inc. data)   RO Data    RW Data    ZI Data      Debug   

      3668         62        268          8       1704      15364   Grand Totals
      3668         62        268          8       1704      15364   ELF Image Totals
      3668         62        268          8          0          0   ROM Totals

==============================================================================

    Total RO  Size (Code + RO Data)                 3936 (   3.84kB)
    Total RW  Size (RW Data + ZI Data)              1712 (   1.67kB)
    Total ROM Size (Code + RO Data + RW Data)       3944 (   3.85kB)

==============================================================================

